This is XeTeX, Version 3.141592653-2.6-0.999998 (TeX Live 2026) (preloaded format=xelatex)
 restricted \write18 enabled.
entering extended mode
(./main.tex
LaTeX2e <2025-11-01>
L3 programming layer <2026-01-19>
(d:/texlive/2026/texmf-dist/tex/latex/base/article.cls
Document Class: article 2025/01/22 v1.4n Standard LaTeX document class
(d:/texlive/2026/texmf-dist/tex/latex/base/size12.clo)) (./config.sty
(d:/texlive/2026/texmf-dist/tex/generic/iftex/iftex.sty)
(d:/texlive/2026/texmf-dist/tex/latex/fontspec/fontspec.sty
(d:/texlive/2026/texmf-dist/tex/latex/l3packages/xparse/xparse.sty
(d:/texlive/2026/texmf-dist/tex/latex/l3kernel/expl3.sty
(d:/texlive/2026/texmf-dist/tex/latex/l3backend/l3backend-xetex.def)))
(d:/texlive/2026/texmf-dist/tex/latex/fontspec/fontspec-xetex.sty
(d:/texlive/2026/texmf-dist/tex/latex/base/fontenc.sty)
(d:/texlive/2026/texmf-dist/tex/latex/fontspec/fontspec.cfg)))
(d:/texlive/2026/texmf-dist/tex/latex/newtx/newtxmath.sty
`newtxmath' v1.754, 2024/09/22 Math macros based originally on txfonts (msharpe
) (d:/texlive/2026/texmf-dist/tex/latex/amsmath/amsmath.sty
For additional information on amsmath, use the `?' option.
(d:/texlive/2026/texmf-dist/tex/latex/amsmath/amstext.sty
(d:/texlive/2026/texmf-dist/tex/latex/amsmath/amsgen.sty))
(d:/texlive/2026/texmf-dist/tex/latex/amsmath/amsbsy.sty)
(d:/texlive/2026/texmf-dist/tex/latex/amsmath/amsopn.sty))
(d:/texlive/2026/texmf-dist/tex/latex/base/ifthen.sty)
(d:/texlive/2026/texmf-dist/tex/latex/etoolbox/etoolbox.sty)
(d:/texlive/2026/texmf-dist/tex/latex/xkeyval/xkeyval.sty
(d:/texlive/2026/texmf-dist/tex/generic/xkeyval/xkeyval.tex
(d:/texlive/2026/texmf-dist/tex/generic/xkeyval/xkvutils.tex
(d:/texlive/2026/texmf-dist/tex/generic/xkeyval/keyval.tex))))
(d:/texlive/2026/texmf-dist/tex/latex/oberdiek/centernot.sty)
(d:/texlive/2026/texmf-dist/tex/generic/kastrup/binhex.tex)
amsthm NOT loaded
) (d:/texlive/2026/texmf-dist/tex/latex/geometry/geometry.sty
(d:/texlive/2026/texmf-dist/tex/generic/iftex/ifvtex.sty))
(d:/texlive/2026/texmf-dist/tex/latex/setspace/setspace.sty)
(d:/texlive/2026/texmf-dist/tex/latex/microtype/microtype.sty
(d:/texlive/2026/texmf-dist/tex/latex/microtype/microtype-xetex.def)
(d:/texlive/2026/texmf-dist/tex/latex/microtype/microtype.cfg))
(d:/texlive/2026/texmf-dist/tex/latex/graphics/graphicx.sty
(d:/texlive/2026/texmf-dist/tex/latex/graphics/graphics.sty
(d:/texlive/2026/texmf-dist/tex/latex/graphics/trig.sty)
(d:/texlive/2026/texmf-dist/tex/latex/graphics-cfg/graphics.cfg)
(d:/texlive/2026/texmf-dist/tex/latex/graphics-def/xetex.def)))
(d:/texlive/2026/texmf-dist/tex/latex/booktabs/booktabs.sty)
(d:/texlive/2026/texmf-dist/tex/latex/tools/tabularx.sty
(d:/texlive/2026/texmf-dist/tex/latex/tools/array.sty))
(d:/texlive/2026/texmf-dist/tex/latex/tools/longtable.sty)
(d:/texlive/2026/texmf-dist/tex/latex/xltabular/xltabular.sty
(d:/texlive/2026/texmf-dist/tex/latex/ltablex/ltablex.sty))
(d:/texlive/2026/texmf-dist/tex/latex/multirow/multirow.sty)
(d:/texlive/2026/texmf-dist/tex/latex/makecell/makecell.sty)
(d:/texlive/2026/texmf-dist/tex/latex/enumitem/enumitem.sty)
(d:/texlive/2026/texmf-dist/tex/latex/float/float.sty)
(d:/texlive/2026/texmf-dist/tex/latex/xcolor/xcolor.sty
(d:/texlive/2026/texmf-dist/tex/latex/graphics-cfg/color.cfg)
(d:/texlive/2026/texmf-dist/tex/latex/graphics/mathcolor.ltx))
(d:/texlive/2026/texmf-dist/tex/latex/pgf/frontendlayer/tikz.sty
(d:/texlive/2026/texmf-dist/tex/latex/pgf/basiclayer/pgf.sty
(d:/texlive/2026/texmf-dist/tex/latex/pgf/utilities/pgfrcs.sty
(d:/texlive/2026/texmf-dist/tex/generic/pgf/utilities/pgfutil-common.tex)
(d:/texlive/2026/texmf-dist/tex/generic/pgf/utilities/pgfutil-latex.def)
(d:/texlive/2026/texmf-dist/tex/generic/pgf/utilities/pgfrcs.code.tex
(d:/texlive/2026/texmf-dist/tex/generic/pgf/pgf.revision.tex)))
(d:/texlive/2026/texmf-dist/tex/latex/pgf/basiclayer/pgfcore.sty
(d:/texlive/2026/texmf-dist/tex/latex/pgf/systemlayer/pgfsys.sty
(d:/texlive/2026/texmf-dist/tex/generic/pgf/systemlayer/pgfsys.code.tex
(d:/texlive/2026/texmf-dist/tex/generic/pgf/utilities/pgfkeys.code.tex
(d:/texlive/2026/texmf-dist/tex/generic/pgf/utilities/pgfkeyslibraryfiltered.co
de.tex)) (d:/texlive/2026/texmf-dist/tex/generic/pgf/systemlayer/pgf.cfg)
(d:/texlive/2026/texmf-dist/tex/generic/pgf/systemlayer/pgfsys-xetex.def
(d:/texlive/2026/texmf-dist/tex/generic/pgf/systemlayer/pgfsys-dvipdfmx.def
(d:/texlive/2026/texmf-dist/tex/generic/pgf/systemlayer/pgfsys-common-pdf.def))
))
(d:/texlive/2026/texmf-dist/tex/generic/pgf/systemlayer/pgfsyssoftpath.code.tex
)
(d:/texlive/2026/texmf-dist/tex/generic/pgf/systemlayer/pgfsysprotocol.code.tex
)) (d:/texlive/2026/texmf-dist/tex/generic/pgf/basiclayer/pgfcore.code.tex
(d:/texlive/2026/texmf-dist/tex/generic/pgf/math/pgfmath.code.tex
(d:/texlive/2026/texmf-dist/tex/generic/pgf/math/pgfmathutil.code.tex)
(d:/texlive/2026/texmf-dist/tex/generic/pgf/math/pgfmathparser.code.tex)
(d:/texlive/2026/texmf-dist/tex/generic/pgf/math/pgfmathfunctions.code.tex)
(d:/texlive/2026/texmf-dist/tex/generic/pgf/math/pgfmathfunctions.basic.code.te
x)
(d:/texlive/2026/texmf-dist/tex/generic/pgf/math/pgfmathfunctions.trigonometric
.code.tex)
(d:/texlive/2026/texmf-dist/tex/generic/pgf/math/pgfmathfunctions.random.code.t
ex)
(d:/texlive/2026/texmf-dist/tex/generic/pgf/math/pgfmathfunctions.comparison.co
de.tex)
(d:/texlive/2026/texmf-dist/tex/generic/pgf/math/pgfmathfunctions.base.code.tex
)
(d:/texlive/2026/texmf-dist/tex/generic/pgf/math/pgfmathfunctions.round.code.te
x)
(d:/texlive/2026/texmf-dist/tex/generic/pgf/math/pgfmathfunctions.misc.code.tex
)
(d:/texlive/2026/texmf-dist/tex/generic/pgf/math/pgfmathfunctions.integerarithm
etics.code.tex)
(d:/texlive/2026/texmf-dist/tex/generic/pgf/math/pgfmathcalc.code.tex)
(d:/texlive/2026/texmf-dist/tex/generic/pgf/math/pgfmathfloat.code.tex))
(d:/texlive/2026/texmf-dist/tex/generic/pgf/math/pgfint.code.tex)
(d:/texlive/2026/texmf-dist/tex/generic/pgf/basiclayer/pgfcorepoints.code.tex)
(d:/texlive/2026/texmf-dist/tex/generic/pgf/basiclayer/pgfcorepathconstruct.cod
e.tex)
(d:/texlive/2026/texmf-dist/tex/generic/pgf/basiclayer/pgfcorepathusage.code.te
x)
(d:/texlive/2026/texmf-dist/tex/generic/pgf/basiclayer/pgfcorescopes.code.tex)
(d:/texlive/2026/texmf-dist/tex/generic/pgf/basiclayer/pgfcoregraphicstate.code
.tex)
(d:/texlive/2026/texmf-dist/tex/generic/pgf/basiclayer/pgfcoretransformations.c
ode.tex)
(d:/texlive/2026/texmf-dist/tex/generic/pgf/basiclayer/pgfcorequick.code.tex)
(d:/texlive/2026/texmf-dist/tex/generic/pgf/basiclayer/pgfcoreobjects.code.tex)

(d:/texlive/2026/texmf-dist/tex/generic/pgf/basiclayer/pgfcorepathprocessing.co
de.tex)
(d:/texlive/2026/texmf-dist/tex/generic/pgf/basiclayer/pgfcorearrows.code.tex)
(d:/texlive/2026/texmf-dist/tex/generic/pgf/basiclayer/pgfcoreshade.code.tex)
(d:/texlive/2026/texmf-dist/tex/generic/pgf/basiclayer/pgfcoreimage.code.tex)
(d:/texlive/2026/texmf-dist/tex/generic/pgf/basiclayer/pgfcoreexternal.code.tex
) (d:/texlive/2026/texmf-dist/tex/generic/pgf/basiclayer/pgfcorelayers.code.tex
)
(d:/texlive/2026/texmf-dist/tex/generic/pgf/basiclayer/pgfcoretransparency.code
.tex)
(d:/texlive/2026/texmf-dist/tex/generic/pgf/basiclayer/pgfcorepatterns.code.tex
) (d:/texlive/2026/texmf-dist/tex/generic/pgf/basiclayer/pgfcorerdf.code.tex)))
 (d:/texlive/2026/texmf-dist/tex/generic/pgf/modules/pgfmoduleshapes.code.tex)
(d:/texlive/2026/texmf-dist/tex/generic/pgf/modules/pgfmoduleplot.code.tex)
(d:/texlive/2026/texmf-dist/tex/latex/pgf/compatibility/pgfcomp-version-0-65.st
y)
(d:/texlive/2026/texmf-dist/tex/latex/pgf/compatibility/pgfcomp-version-1-18.st
y)) (d:/texlive/2026/texmf-dist/tex/latex/pgf/utilities/pgffor.sty
(d:/texlive/2026/texmf-dist/tex/latex/pgf/utilities/pgfkeys.sty
(d:/texlive/2026/texmf-dist/tex/generic/pgf/utilities/pgfkeys.code.tex))
(d:/texlive/2026/texmf-dist/tex/latex/pgf/math/pgfmath.sty
(d:/texlive/2026/texmf-dist/tex/generic/pgf/math/pgfmath.code.tex))
(d:/texlive/2026/texmf-dist/tex/generic/pgf/utilities/pgffor.code.tex))
(d:/texlive/2026/texmf-dist/tex/generic/pgf/frontendlayer/tikz/tikz.code.tex
(d:/texlive/2026/texmf-dist/tex/generic/pgf/libraries/pgflibraryplothandlers.co
de.tex)
(d:/texlive/2026/texmf-dist/tex/generic/pgf/modules/pgfmodulematrix.code.tex)
(d:/texlive/2026/texmf-dist/tex/generic/pgf/frontendlayer/tikz/libraries/tikzli
brarytopaths.code.tex)))
(d:/texlive/2026/texmf-dist/tex/generic/pgf/frontendlayer/tikz/libraries/tikzli
brarypositioning.code.tex)
(d:/texlive/2026/texmf-dist/tex/generic/pgf/libraries/pgflibraryarrows.meta.cod
e.tex) (d:/texlive/2026/texmf-dist/tex/latex/pgfplots/pgfplots.sty
(d:/texlive/2026/texmf-dist/tex/generic/pgfplots/pgfplots.revision.tex)
(d:/texlive/2026/texmf-dist/tex/generic/pgfplots/pgfplots.code.tex
(d:/texlive/2026/texmf-dist/tex/generic/pgfplots/pgfplotscore.code.tex
(d:/texlive/2026/texmf-dist/tex/generic/pgfplots/sys/pgfplotssysgeneric.code.te
x))
(d:/texlive/2026/texmf-dist/tex/generic/pgfplots/libs/pgfplotslibrary.code.tex)

(d:/texlive/2026/texmf-dist/tex/generic/pgfplots/oldpgfcompatib/pgfplotsoldpgfs
upp_loader.code.tex
(d:/texlive/2026/texmf-dist/tex/generic/pgf/libraries/pgflibraryfpu.code.tex)
(d:/texlive/2026/texmf-dist/tex/generic/pgfplots/oldpgfcompatib/pgfplotsoldpgfs
upp_pgfutil-common-lists.tex))
(d:/texlive/2026/texmf-dist/tex/generic/pgfplots/util/pgfplotsutil.code.tex
(d:/texlive/2026/texmf-dist/tex/generic/pgfplots/liststructure/pgfplotsliststru
cture.code.tex)
(d:/texlive/2026/texmf-dist/tex/generic/pgfplots/liststructure/pgfplotsliststru
ctureext.code.tex)
(d:/texlive/2026/texmf-dist/tex/generic/pgfplots/liststructure/pgfplotsarray.co
de.tex)
(d:/texlive/2026/texmf-dist/tex/generic/pgfplots/liststructure/pgfplotsmatrix.c
ode.tex)
(d:/texlive/2026/texmf-dist/tex/generic/pgfplots/numtable/pgfplotstableshared.c
ode.tex)
(d:/texlive/2026/texmf-dist/tex/generic/pgfplots/liststructure/pgfplotsdeque.co
de.tex)
(d:/texlive/2026/texmf-dist/tex/generic/pgfplots/util/pgfplotsbinary.code.tex
(d:/texlive/2026/texmf-dist/tex/generic/pgfplots/util/pgfplotsbinary.data.code.
tex))
(d:/texlive/2026/texmf-dist/tex/generic/pgfplots/util/pgfplotsutil.verb.code.te
x)
(d:/texlive/2026/texmf-dist/tex/generic/pgfplots/libs/pgflibrarypgfplots.surfsh
ading.code.tex
(d:/texlive/2026/texmf-dist/tex/generic/pgfplots/sys/pgflibrarypgfplots.surfsha
ding.pgfsys-xetex.def
(d:/texlive/2026/texmf-dist/tex/generic/pgfplots/sys/pgflibrarypgfplots.surfsha
ding.pgfsys-dvipdfmx.def))))
(d:/texlive/2026/texmf-dist/tex/generic/pgfplots/util/pgfplotscolormap.code.tex
(d:/texlive/2026/texmf-dist/tex/generic/pgfplots/util/pgfplotscolor.code.tex))
(d:/texlive/2026/texmf-dist/tex/generic/pgfplots/pgfplotsstackedplots.code.tex)
(d:/texlive/2026/texmf-dist/tex/generic/pgfplots/pgfplotsplothandlers.code.tex
(d:/texlive/2026/texmf-dist/tex/generic/pgfplots/pgfplotsmeshplothandler.code.t
ex
(d:/texlive/2026/texmf-dist/tex/generic/pgfplots/pgfplotsmeshplotimage.code.tex
))) (d:/texlive/2026/texmf-dist/tex/generic/pgfplots/pgfplots.scaling.code.tex)

(d:/texlive/2026/texmf-dist/tex/generic/pgfplots/pgfplotscoordprocessing.code.t
ex)
(d:/texlive/2026/texmf-dist/tex/generic/pgfplots/pgfplots.errorbars.code.tex)
(d:/texlive/2026/texmf-dist/tex/generic/pgfplots/pgfplots.markers.code.tex)
(d:/texlive/2026/texmf-dist/tex/generic/pgfplots/pgfplotsticks.code.tex)
(d:/texlive/2026/texmf-dist/tex/generic/pgfplots/pgfplots.paths.code.tex)
(d:/texlive/2026/texmf-dist/tex/generic/pgf/frontendlayer/tikz/libraries/tikzli
brarydecorations.code.tex
(d:/texlive/2026/texmf-dist/tex/generic/pgf/modules/pgfmoduledecorations.code.t
ex))
(d:/texlive/2026/texmf-dist/tex/generic/pgf/frontendlayer/tikz/libraries/tikzli
brarydecorations.pathmorphing.code.tex
(d:/texlive/2026/texmf-dist/tex/generic/pgf/libraries/decorations/pgflibrarydec
orations.pathmorphing.code.tex))
(d:/texlive/2026/texmf-dist/tex/generic/pgf/frontendlayer/tikz/libraries/tikzli
brarydecorations.pathreplacing.code.tex
(d:/texlive/2026/texmf-dist/tex/generic/pgf/libraries/decorations/pgflibrarydec
orations.pathreplacing.code.tex))
(d:/texlive/2026/texmf-dist/tex/generic/pgfplots/libs/tikzlibrarypgfplots.conto
urlua.code.tex))
(d:/texlive/2026/texmf-dist/tex/generic/pgf/frontendlayer/tikz/libraries/tikzli
braryplotmarks.code.tex
(d:/texlive/2026/texmf-dist/tex/generic/pgf/libraries/pgflibraryplotmarks.code.
tex))) (d:/texlive/2026/texmf-dist/tex/latex/caption/caption.sty
(d:/texlive/2026/texmf-dist/tex/latex/caption/caption3.sty)
(d:/texlive/2026/texmf-dist/tex/latex/caption/ltcaption.sty))
(d:/texlive/2026/texmf-dist/tex/latex/threeparttable/threeparttable.sty)
(d:/texlive/2026/texmf-dist/tex/latex/siunitx/siunitx.sty
(d:/texlive/2026/texmf-dist/tex/latex/translations/translations.sty
(d:/texlive/2026/texmf-dist/tex/generic/pdftexcmds/pdftexcmds.sty
(d:/texlive/2026/texmf-dist/tex/generic/infwarerr/infwarerr.sty)
(d:/texlive/2026/texmf-dist/tex/generic/ltxcmds/ltxcmds.sty))))
(d:/texlive/2026/texmf-dist/tex/latex/ragged2e/ragged2e.sty)
(d:/texlive/2026/texmf-dist/tex/latex/natbib/natbib.sty)
(d:/texlive/2026/texmf-dist/tex/latex/hyperref/hyperref.sty
(d:/texlive/2026/texmf-dist/tex/latex/kvsetkeys/kvsetkeys.sty)
(d:/texlive/2026/texmf-dist/tex/generic/kvdefinekeys/kvdefinekeys.sty)
(d:/texlive/2026/texmf-dist/tex/generic/pdfescape/pdfescape.sty)
(d:/texlive/2026/texmf-dist/tex/latex/hycolor/hycolor.sty)
(d:/texlive/2026/texmf-dist/tex/latex/hyperref/nameref.sty
(d:/texlive/2026/texmf-dist/tex/latex/refcount/refcount.sty)
(d:/texlive/2026/texmf-dist/tex/generic/gettitlestring/gettitlestring.sty
(d:/texlive/2026/texmf-dist/tex/latex/kvoptions/kvoptions.sty)))
(d:/texlive/2026/texmf-dist/tex/generic/stringenc/stringenc.sty)
(d:/texlive/2026/texmf-dist/tex/latex/hyperref/pd1enc.def)
(d:/texlive/2026/texmf-dist/tex/generic/intcalc/intcalc.sty)
(d:/texlive/2026/texmf-dist/tex/latex/hyperref/puenc.def)
(d:/texlive/2026/texmf-dist/tex/latex/url/url.sty)
(d:/texlive/2026/texmf-dist/tex/generic/bitset/bitset.sty
(d:/texlive/2026/texmf-dist/tex/generic/bigintcalc/bigintcalc.sty)))
(d:/texlive/2026/texmf-dist/tex/latex/hyperref/hxetex.def
(d:/texlive/2026/texmf-dist/tex/latex/rerunfilecheck/rerunfilecheck.sty
(d:/texlive/2026/texmf-dist/tex/generic/uniquecounter/uniquecounter.sty)))
(d:/texlive/2026/texmf-dist/tex/latex/titlesec/titlesec.sty)
(d:/texlive/2026/texmf-dist/tex/latex/fancyhdr/fancyhdr.sty)) (./main.aux)
(d:/texlive/2026/texmf-dist/tex/latex/newtx/omlntxmi.fd)
(d:/texlive/2026/texmf-dist/tex/latex/newtx/untxexa.fd)
(d:/texlive/2026/texmf-dist/tex/latex/newtx/lmsntxsy.fd)
(d:/texlive/2026/texmf-dist/tex/latex/newtx/lmxntxexx.fd)
*geometry* driver: auto-detecting
*geometry* detected driver: xetex
Package pgfplots notification 'compat/show suggested version=true': document ha
s been generated with the most recent feature set (\pgfplotsset{compat=1.18}).


(d:/texlive/2026/texmf-dist/tex/latex/translations/translations-basic-dictionar
y-english.trsl) (./main.out) (./main.out)

LaTeX Font Warning: Font shape `OT1/TimesNewRoman(0)/m/n' undefined
(Font)              using `OT1/cmr/m/n' instead on input line 13.

(d:/texlive/2026/texmf-dist/tex/latex/microtype/mt-cmr.cfg)

LaTeX Font Warning: Font shape `OT1/TimesNewRoman(0)/m/n' in size <10.5> not av
ailable
(Font)              size <10.95> substituted on input line 13.

(d:/texlive/2026/texmf-dist/tex/latex/newtx/untxmia.fd)
(d:/texlive/2026/texmf-dist/tex/latex/newtx/untxsym.fd)
(d:/texlive/2026/texmf-dist/tex/latex/newtx/untxsyc.fd) [1] [1] (./main.toc)
[2] [1] [2] [3] [4] [5] [6] [7] [8]
Underfull \hbox (badness 1661) in paragraph at lines 308--309
\TU/TimesNewRoman(0)/m/n/12 artefacts; procurement reports lifecycle cost; and 
a utility–university–regulator–worker–
[9]
Underfull \hbox (badness 1168) in paragraph at lines 325--326
[]\TU/TimesNewRoman(0)/m/n/12 Trade-offs are explicit: carbon-aware scheduling 
can conflict with latency or data

Underfull \hbox (badness 1178) in paragraph at lines 325--326
\TU/TimesNewRoman(0)/m/n/12 sovereignty; federated learning can complicate debu
gging; and automation can precede
[10] [11]
Underfull \hbox (badness 5771) in paragraph at lines 338--339
[]\TU/TimesNewRoman(0)/m/n/12 International Electrotechnical Commission. (2018)
. \TU/TimesNewRoman(0)/m/it/12 IEC 62443: Industrial communi-

Underfull \hbox (badness 10000) in paragraph at lines 338--339
\TU/TimesNewRoman(0)/m/it/12 cation networks–Network and system security\TU/Tim
esNewRoman(0)/m/n/12 . Geneva: IEC. []$[][][][][] [] [] [] [][][] [] [][][] [] 
[][] []

Underfull \hbox (badness 10000) in paragraph at lines 356--357
[]\TU/TimesNewRoman(0)/m/n/12 International Renewable Energy Agency. (2024). \T
U/TimesNewRoman(0)/m/it/12 Renewable capacity statis-

Underfull \hbox (badness 10000) in paragraph at lines 356--357
\TU/TimesNewRoman(0)/m/it/12 tics 2024\TU/TimesNewRoman(0)/m/n/12 . Abu Dhabi: 
IRENA. []$[][][][][] [] [] [] [][][] [] [][][][][] [] [][][] [] [][][][][][][][
][][][][] [] [][][][] [] [][][] []
[12]
Underfull \hbox (badness 1354) in paragraph at lines 383--384
[]\TU/TimesNewRoman(0)/m/n/12 Organisation for Economic Co-operation and Develo
pment. (2019). \TU/TimesNewRoman(0)/m/it/12 Recommendation of

Underfull \hbox (badness 3009) in paragraph at lines 383--384
\TU/TimesNewRoman(0)/m/it/12 the Council on Artificial Intelligence \TU/TimesNe
wRoman(0)/m/n/12 (OECD/LEGAL/0449). Paris: OECD. []$[][][][][] [] [] []

Underfull \hbox (badness 1231) in paragraph at lines 386--387
[]\TU/TimesNewRoman(0)/m/n/12 International Organization for Standardization. (
2023). \TU/TimesNewRoman(0)/m/it/12 ISO/IEC 42001:2023 Information

Underfull \hbox (badness 1997) in paragraph at lines 395--396
[]\TU/TimesNewRoman(0)/m/n/12 Hitachi Energy. (2020). \TU/TimesNewRoman(0)/m/it
/12 Zhangbei: The world’s first DC-grid with HVDC Light tech-

Underfull \hbox (badness 10000) in paragraph at lines 395--396
\TU/TimesNewRoman(0)/m/it/12 nology \TU/TimesNewRoman(0)/m/n/12 [technical proj
ect profile]. []$[][][][][] [] [] [] [][][] [] [][][][][][][][][][][][][] [] []
[][] [] [][][][][][][][][][][][][][][][][] []
[13] [14] (./main.aux

Package natbib Warning: Citation(s) may have changed.
(natbib)                Rerun to get citations correct.

)

LaTeX Font Warning: Size substitutions with differences
(Font)              up to 0.45pt have occurred.


LaTeX Font Warning: Some font shapes were not available, defaults substituted.

 )
(see the transcript file for additional information)
Output written on main.pdf (17 pages).
Transcript written on main.log.
